[01:57:42] mode=dsg questions=80 already_done=2 tau=0.5458
/home/amaloch/projects/mechunlearn-project/baselines_DSG/mtbench/generate.py:46: DeprecationWarning: HookedTransformer.from_pretrained is deprecated and will be removed in a future major release. Use TransformerBridge.boot_transformers(...) instead, then call enable_compatibility_mode() for HookedTransformer-equivalent numerics. See docs/source/content/migrating_to_v3.md.
  model = HookedTransformer.from_pretrained("gemma-2-2b-it", device="cuda", dtype=torch.bfloat16)
WARNING:root:You tried to specify center_unembed=True for a model using logit softcap, but this can't be done! Softcapping is not invariant upon adding a constant Setting center_unembed=False instead.
Loading weights:   0%|          | 0/288 [00:00<?, ?it/s]Loading weights: 100%|██████████| 288/288 [00:00<00:00, 11074.27it/s]
WARNING:root:With reduced precision, it is advised to use `from_pretrained_no_processing` instead of `from_pretrained`.
/home/amaloch/projects/mechunlearn-project/baselines_DSG/mtbench/generate.py:52: DeprecationWarning: Unpacking SAE objects is deprecated. SAE.from_pretrained() now returns only the SAE object. Use SAE.from_pretrained_with_cfg_and_sparsity() to get the config dict and sparsity as well.
  sae, _, _ = SAE.from_pretrained(release="gemma-scope-2b-pt-res", sae_id="layer_3/width_16k/average_l0_142", device="cuda")
Loaded pretrained model gemma-2-2b-it into HookedTransformer
[01:58:13] q82 t1 writing     102 tok  17.1s gate_on=False | 1 answers, 0.3 min elapsed
[01:59:03] q82 t2 writing     300 tok  50.5s gate_on=False | 2 answers, 1.1 min elapsed
[01:59:54] q83 t1 writing     300 tok  50.6s gate_on=False | 3 answers, 2.0 min elapsed
[02:00:03] q83 t2 writing      52 tok   8.9s gate_on=False | 4 answers, 2.1 min elapsed
[02:00:46] q84 t1 writing     256 tok  43.2s gate_on=False | 5 answers, 2.8 min elapsed
[02:01:37] q84 t2 writing     300 tok  51.1s gate_on=False | 6 answers, 3.7 min elapsed
[02:02:17] q85 t1 writing     234 tok  39.5s gate_on=False | 7 answers, 4.3 min elapsed
[02:03:08] q85 t2 writing     300 tok  51.0s gate_on=False | 8 answers, 5.2 min elapsed
[02:03:35] q86 t1 writing     161 tok  27.1s gate_on=False | 9 answers, 5.7 min elapsed
[02:04:26] q86 t2 writing     300 tok  50.9s gate_on=False | 10 answers, 6.5 min elapsed
[02:05:16] q87 t1 writing     300 tok  50.6s gate_on=False | 11 answers, 7.3 min elapsed
[02:05:48] q87 t2 writing     184 tok  31.3s gate_on=False | 12 answers, 7.9 min elapsed
[02:06:14] q88 t1 writing     155 tok  26.1s gate_on=False | 13 answers, 8.3 min elapsed
[02:06:23] q88 t2 writing      53 tok   9.0s gate_on=False | 14 answers, 8.4 min elapsed
[02:07:13] q89 t1 writing     300 tok  50.6s gate_on=False | 15 answers, 9.3 min elapsed
[02:07:39] q89 t2 writing     150 tok  25.6s gate_on=False | 16 answers, 9.7 min elapsed
[02:08:30] q90 t1 writing     300 tok  50.7s gate_on=False | 17 answers, 10.6 min elapsed
[02:09:08] q90 t2 writing     225 tok  38.4s gate_on=False | 18 answers, 11.2 min elapsed
[02:09:59] q91 t1 roleplay    300 tok  50.6s gate_on=False | 19 answers, 12.0 min elapsed
[02:10:33] q91 t2 roleplay    200 tok  34.0s gate_on=False | 20 answers, 12.6 min elapsed
[02:11:04] q92 t1 roleplay    186 tok  31.3s gate_on=False | 21 answers, 13.1 min elapsed
[02:11:27] q92 t2 roleplay    138 tok  23.4s gate_on=False | 22 answers, 13.5 min elapsed
[02:12:18] q93 t1 roleplay    300 tok  50.7s gate_on=False | 23 answers, 14.4 min elapsed
[02:13:09] q93 t2 roleplay    300 tok  51.2s gate_on=False | 24 answers, 15.2 min elapsed
[02:13:51] q94 t1 roleplay    246 tok  41.6s gate_on=False | 25 answers, 15.9 min elapsed
[02:14:42] q94 t2 roleplay    300 tok  51.1s gate_on=False | 26 answers, 16.8 min elapsed
[02:15:10] q95 t1 roleplay    166 tok  28.0s gate_on=False | 27 answers, 17.2 min elapsed
[02:15:23] q95 t2 roleplay     76 tok  12.9s gate_on=False | 28 answers, 17.5 min elapsed
[02:16:14] q96 t1 roleplay    300 tok  50.7s gate_on=False | 29 answers, 18.3 min elapsed
[02:17:05] q96 t2 roleplay    300 tok  51.1s gate_on=False | 30 answers, 19.2 min elapsed
[02:17:55] q97 t1 roleplay    300 tok  50.7s gate_on=False | 31 answers, 20.0 min elapsed
[02:18:47] q97 t2 roleplay    300 tok  51.2s gate_on=False | 32 answers, 20.8 min elapsed
[02:19:12] q98 t1 roleplay    149 tok  25.1s gate_on=False | 33 answers, 21.3 min elapsed
[02:19:49] q98 t2 roleplay    217 tok  36.8s gate_on=False | 34 answers, 21.9 min elapsed
[02:20:08] q99 t1 roleplay    116 tok  19.6s gate_on=False | 35 answers, 22.2 min elapsed
[02:20:48] q99 t2 roleplay    235 tok  39.8s gate_on=False | 36 answers, 22.9 min elapsed
[02:21:39] q100 t1 roleplay    300 tok  50.7s gate_on=False | 37 answers, 23.7 min elapsed
[02:22:30] q100 t2 roleplay    300 tok  51.2s gate_on=False | 38 answers, 24.6 min elapsed
[02:22:35] q101 t1 reasoning    31 tok   5.2s gate_on=False | 39 answers, 24.7 min elapsed
[02:22:41] q101 t2 reasoning    37 tok   6.3s gate_on=False | 40 answers, 24.8 min elapsed
[02:22:51] q102 t1 reasoning    54 tok   9.1s gate_on=False | 41 answers, 24.9 min elapsed
[02:23:12] q102 t2 reasoning   125 tok  21.1s gate_on=False | 42 answers, 25.3 min elapsed
[02:24:02] q103 t1 reasoning   300 tok  50.6s gate_on=False | 43 answers, 26.1 min elapsed
[02:24:41] q103 t2 reasoning   230 tok  39.2s gate_on=False | 44 answers, 26.8 min elapsed
[02:24:46] q104 t1 reasoning    30 tok   5.1s gate_on=False | 45 answers, 26.8 min elapsed
[02:24:53] q104 t2 reasoning    41 tok   6.9s gate_on=False | 46 answers, 27.0 min elapsed
[02:25:36] q105 t1 reasoning   252 tok  42.8s gate_on=False | 47 answers, 27.7 min elapsed
[02:25:45] q105 t2 reasoning    54 tok   9.3s gate_on=False | 48 answers, 27.8 min elapsed
[02:25:59] q106 t1 reasoning    78 tok  13.2s gate_on=False | 49 answers, 28.0 min elapsed
[02:26:15] q106 t2 reasoning    99 tok  16.8s gate_on=False | 50 answers, 28.3 min elapsed
[02:26:17] q107 t1 reasoning    12 tok   2.0s gate_on=False | 51 answers, 28.4 min elapsed
[02:26:31] q107 t2 reasoning    79 tok  13.3s gate_on=False | 52 answers, 28.6 min elapsed
[02:26:43] q108 t1 reasoning    74 tok  12.4s gate_on=False | 53 answers, 28.8 min elapsed
[02:26:56] q108 t2 reasoning    75 tok  12.7s gate_on=False | 54 answers, 29.0 min elapsed
[02:27:21] q109 t1 reasoning   150 tok  25.3s gate_on=False | 55 answers, 29.4 min elapsed
[02:27:43] q109 t2 reasoning   129 tok  21.9s gate_on=False | 56 answers, 29.8 min elapsed
[02:28:27] q110 t1 reasoning   260 tok  44.0s gate_on=False | 57 answers, 30.5 min elapsed
[02:29:18] q110 t2 reasoning   300 tok  51.2s gate_on=False | 58 answers, 31.4 min elapsed
[02:30:07] q111 t1 math        289 tok  48.7s gate_on=False | 59 answers, 32.2 min elapsed
[02:30:45] q111 t2 math        221 tok  37.6s gate_on=False | 60 answers, 32.8 min elapsed
[02:31:03] q112 t1 math        110 tok  18.5s gate_on=False | 61 answers, 33.1 min elapsed
[02:31:19] q112 t2 math         96 tok  16.3s gate_on=False | 62 answers, 33.4 min elapsed
[02:31:49] q113 t1 math        176 tok  29.7s gate_on=False | 63 answers, 33.9 min elapsed
[02:32:20] q113 t2 math        181 tok  30.7s gate_on=False | 64 answers, 34.4 min elapsed
[02:33:10] q114 t1 math        299 tok  50.4s gate_on=False | 65 answers, 35.2 min elapsed
[02:34:01] q114 t2 math        300 tok  51.1s gate_on=False | 66 answers, 36.1 min elapsed
[02:34:33] q115 t1 math        186 tok  31.4s gate_on=False | 67 answers, 36.6 min elapsed
[02:34:43] q115 t2 math         62 tok  10.6s gate_on=False | 68 answers, 36.8 min elapsed
[02:35:33] q116 t1 math        295 tok  49.7s gate_on=False | 69 answers, 37.6 min elapsed
[02:35:58] q116 t2 math        146 tok  24.8s gate_on=False | 70 answers, 38.0 min elapsed
[02:36:28] q117 t1 math        178 tok  30.0s gate_on=False | 71 answers, 38.5 min elapsed
[02:36:58] q117 t2 math        177 tok  30.0s gate_on=False | 72 answers, 39.0 min elapsed
[02:37:28] q118 t1 math        180 tok  30.3s gate_on=False | 73 answers, 39.5 min elapsed
[02:37:58] q118 t2 math        178 tok  30.2s gate_on=False | 74 answers, 40.0 min elapsed
[02:38:17] q119 t1 math        111 tok  18.7s gate_on=False | 75 answers, 40.4 min elapsed
[02:39:04] q119 t2 math        277 tok  47.0s gate_on=False | 76 answers, 41.1 min elapsed
[02:39:24] q120 t1 math        119 tok  20.0s gate_on=False | 77 answers, 41.5 min elapsed
[02:40:15] q120 t2 math        300 tok  50.8s gate_on=False | 78 answers, 42.3 min elapsed
[02:41:05] q121 t1 coding      300 tok  50.6s gate_on=False | 79 answers, 43.2 min elapsed
[02:41:56] q121 t2 coding      300 tok  51.0s gate_on=False | 80 answers, 44.0 min elapsed
[02:42:47] q122 t1 coding      300 tok  50.6s gate_on=False | 81 answers, 44.9 min elapsed
[02:43:38] q122 t2 coding      300 tok  51.1s gate_on=False | 82 answers, 45.7 min elapsed
[02:44:28] q123 t1 coding      300 tok  50.6s gate_on=False | 83 answers, 46.5 min elapsed
[02:45:20] q123 t2 coding      300 tok  51.1s gate_on=False | 84 answers, 47.4 min elapsed
[02:46:10] q124 t1 coding      300 tok  50.9s gate_on=False | 85 answers, 48.2 min elapsed
[02:47:02] q124 t2 coding      300 tok  51.6s gate_on=False | 86 answers, 49.1 min elapsed
[02:47:53] q125 t1 coding      300 tok  50.6s gate_on=False | 87 answers, 49.9 min elapsed
[02:48:44] q125 t2 coding      300 tok  51.1s gate_on=False | 88 answers, 50.8 min elapsed
[02:49:34] q126 t1 coding      300 tok  50.6s gate_on=False | 89 answers, 51.6 min elapsed
[02:50:25] q126 t2 coding      300 tok  51.1s gate_on=False | 90 answers, 52.5 min elapsed
[02:51:16] q127 t1 coding      300 tok  50.6s gate_on=False | 91 answers, 53.3 min elapsed
[02:52:07] q127 t2 coding      300 tok  51.1s gate_on=False | 92 answers, 54.2 min elapsed
[02:52:58] q128 t1 coding      300 tok  50.6s gate_on=False | 93 answers, 55.0 min elapsed
[02:53:49] q128 t2 coding      300 tok  51.1s gate_on=False | 94 answers, 55.9 min elapsed
[02:54:39] q129 t1 coding      300 tok  50.6s gate_on=False | 95 answers, 56.7 min elapsed
[02:55:31] q129 t2 coding      300 tok  51.1s gate_on=False | 96 answers, 57.6 min elapsed
[02:56:21] q130 t1 coding      300 tok  50.6s gate_on=False | 97 answers, 58.4 min elapsed
[02:57:12] q130 t2 coding      300 tok  51.1s gate_on=False | 98 answers, 59.3 min elapsed
[02:57:15] q131 t1 extraction   17 tok   2.9s gate_on=False | 99 answers, 59.3 min elapsed
[02:57:18] q131 t2 extraction   17 tok   2.9s gate_on=False | 100 answers, 59.4 min elapsed
[02:57:21] q132 t1 extraction   14 tok   2.4s gate_on=False | 101 answers, 59.4 min elapsed
[02:57:26] q132 t2 extraction   34 tok   5.8s gate_on=False | 102 answers, 59.5 min elapsed
[02:57:44] q133 t1 extraction  103 tok  17.6s gate_on=False | 103 answers, 59.8 min elapsed
[02:57:56] q133 t2 extraction   73 tok  12.5s gate_on=False | 104 answers, 60.0 min elapsed
[02:58:16] q134 t1 extraction  114 tok  19.3s gate_on=False | 105 answers, 60.3 min elapsed
[02:58:58] q134 t2 extraction  248 tok  42.2s gate_on=False | 106 answers, 61.0 min elapsed
[02:59:16] q135 t1 extraction  106 tok  17.9s gate_on=False | 107 answers, 61.3 min elapsed
[02:59:26] q135 t2 extraction   59 tok  10.0s gate_on=False | 108 answers, 61.5 min elapsed
[02:59:30] q136 t1 extraction   27 tok   4.6s gate_on=False | 109 answers, 61.6 min elapsed
[02:59:35] q136 t2 extraction   28 tok   4.8s gate_on=False | 110 answers, 61.7 min elapsed
[02:59:50] q137 t1 extraction   88 tok  14.9s gate_on=False | 111 answers, 61.9 min elapsed
[02:59:56] q137 t2 extraction   31 tok   5.3s gate_on=False | 112 answers, 62.0 min elapsed
[03:00:40] q138 t1 extraction  262 tok  44.6s gate_on=False | 113 answers, 62.7 min elapsed
[03:01:26] q138 t2 extraction  268 tok  46.0s gate_on=False | 114 answers, 63.5 min elapsed
[03:01:45] q139 t1 extraction  110 tok  18.6s gate_on=False | 115 answers, 63.8 min elapsed
[03:02:21] q139 t2 extraction  214 tok  36.4s gate_on=False | 116 answers, 64.4 min elapsed
[03:02:32] q140 t1 extraction   65 tok  11.1s gate_on=False | 117 answers, 64.6 min elapsed
[03:02:53] q140 t2 extraction  122 tok  20.8s gate_on=False | 118 answers, 65.0 min elapsed
[03:03:44] q141 t1 stem        300 tok  50.6s gate_on=False | 119 answers, 65.8 min elapsed
[03:04:35] q141 t2 stem        300 tok  51.0s gate_on=False | 120 answers, 66.6 min elapsed
[03:05:25] q142 t1 stem        300 tok  50.6s gate_on=False | 121 answers, 67.5 min elapsed
[03:06:16] q142 t2 stem        300 tok  51.1s gate_on=False | 122 answers, 68.3 min elapsed
[03:07:07] q143 t1 stem        300 tok  50.6s gate_on=False | 123 answers, 69.2 min elapsed
[03:07:58] q143 t2 stem        300 tok  51.1s gate_on=False | 124 answers, 70.0 min elapsed
[03:08:49] q144 t1 stem        300 tok  50.6s gate_on=False | 125 answers, 70.9 min elapsed
[03:09:40] q144 t2 stem        300 tok  51.7s gate_on=True | 126 answers, 71.7 min elapsed
[03:10:31] q145 t1 stem        300 tok  50.6s gate_on=False | 127 answers, 72.6 min elapsed
[03:11:22] q145 t2 stem        300 tok  51.1s gate_on=False | 128 answers, 73.4 min elapsed
[03:12:13] q146 t1 stem        300 tok  50.6s gate_on=False | 129 answers, 74.3 min elapsed
[03:12:39] q146 t2 stem        154 tok  26.2s gate_on=False | 130 answers, 74.7 min elapsed
[03:13:29] q147 t1 stem        300 tok  50.6s gate_on=False | 131 answers, 75.6 min elapsed
[03:14:21] q147 t2 stem        300 tok  51.1s gate_on=False | 132 answers, 76.4 min elapsed
[03:15:11] q148 t1 stem        300 tok  50.6s gate_on=False | 133 answers, 77.3 min elapsed
[03:16:02] q148 t2 stem        300 tok  51.1s gate_on=False | 134 answers, 78.1 min elapsed
[03:16:53] q149 t1 stem        300 tok  50.6s gate_on=False | 135 answers, 79.0 min elapsed
[03:17:44] q149 t2 stem        300 tok  51.1s gate_on=False | 136 answers, 79.8 min elapsed
[03:18:35] q150 t1 stem        300 tok  50.6s gate_on=False | 137 answers, 80.6 min elapsed
[03:19:26] q150 t2 stem        300 tok  51.1s gate_on=False | 138 answers, 81.5 min elapsed
[03:20:16] q151 t1 humanities  300 tok  50.6s gate_on=False | 139 answers, 82.3 min elapsed
[03:21:07] q151 t2 humanities  300 tok  51.1s gate_on=False | 140 answers, 83.2 min elapsed
[03:21:58] q152 t1 humanities  300 tok  50.6s gate_on=False | 141 answers, 84.0 min elapsed
[03:22:49] q152 t2 humanities  300 tok  51.1s gate_on=False | 142 answers, 84.9 min elapsed
[03:23:40] q153 t1 humanities  300 tok  50.6s gate_on=False | 143 answers, 85.7 min elapsed
[03:24:31] q153 t2 humanities  300 tok  51.1s gate_on=False | 144 answers, 86.6 min elapsed
[03:25:22] q154 t1 humanities  300 tok  50.6s gate_on=False | 145 answers, 87.4 min elapsed
[03:26:13] q154 t2 humanities  300 tok  51.2s gate_on=False | 146 answers, 88.3 min elapsed
[03:27:03] q155 t1 humanities  300 tok  50.6s gate_on=False | 147 answers, 89.1 min elapsed
[03:27:54] q155 t2 humanities  300 tok  51.1s gate_on=False | 148 answers, 90.0 min elapsed
[03:28:45] q156 t1 humanities  300 tok  50.6s gate_on=False | 149 answers, 90.8 min elapsed
[03:29:36] q156 t2 humanities  300 tok  51.1s gate_on=False | 150 answers, 91.7 min elapsed
[03:30:27] q157 t1 humanities  300 tok  50.6s gate_on=False | 151 answers, 92.5 min elapsed
[03:31:18] q157 t2 humanities  300 tok  51.4s gate_on=False | 152 answers, 93.4 min elapsed
[03:32:09] q158 t1 humanities  300 tok  50.6s gate_on=False | 153 answers, 94.2 min elapsed
[03:33:00] q158 t2 humanities  300 tok  51.1s gate_on=False | 154 answers, 95.1 min elapsed
[03:33:50] q159 t1 humanities  300 tok  50.6s gate_on=False | 155 answers, 95.9 min elapsed
[03:34:41] q159 t2 humanities  300 tok  51.1s gate_on=False | 156 answers, 96.8 min elapsed
[03:35:32] q160 t1 humanities  300 tok  50.6s gate_on=False | 157 answers, 97.6 min elapsed
[03:36:21] q160 t2 humanities  287 tok  48.8s gate_on=False | 158 answers, 98.4 min elapsed
[03:36:21] DONE mode=dsg new_answers=158 total_minutes=98.4
