[00:19:00] mode=base questions=80 already_done=2 tau=0.5458
/home/amaloch/projects/mechunlearn-project/baselines_DSG/mtbench/generate.py:46: DeprecationWarning: HookedTransformer.from_pretrained is deprecated and will be removed in a future major release. Use TransformerBridge.boot_transformers(...) instead, then call enable_compatibility_mode() for HookedTransformer-equivalent numerics. See docs/source/content/migrating_to_v3.md.
  model = HookedTransformer.from_pretrained("gemma-2-2b-it", device="cuda", dtype=torch.bfloat16)
WARNING:root:You tried to specify center_unembed=True for a model using logit softcap, but this can't be done! Softcapping is not invariant upon adding a constant Setting center_unembed=False instead.
Loading weights:   0%|          | 0/288 [00:00<?, ?it/s]Loading weights: 100%|██████████| 288/288 [00:00<00:00, 11986.22it/s]
WARNING:root:With reduced precision, it is advised to use `from_pretrained_no_processing` instead of `from_pretrained`.
Loaded pretrained model gemma-2-2b-it into HookedTransformer
[00:19:35] q82 t1 writing     102 tok  17.9s gate_on=False | 1 answers, 0.3 min elapsed
[00:20:26] q82 t2 writing     300 tok  50.6s gate_on=False | 2 answers, 1.1 min elapsed
[00:21:17] q83 t1 writing     300 tok  50.6s gate_on=False | 3 answers, 2.0 min elapsed
[00:21:26] q83 t2 writing      52 tok   8.9s gate_on=False | 4 answers, 2.1 min elapsed
[00:22:09] q84 t1 writing     256 tok  43.3s gate_on=False | 5 answers, 2.9 min elapsed
[00:23:00] q84 t2 writing     300 tok  51.3s gate_on=False | 6 answers, 3.7 min elapsed
[00:23:40] q85 t1 writing     234 tok  39.6s gate_on=False | 7 answers, 4.4 min elapsed
[00:24:31] q85 t2 writing     300 tok  51.2s gate_on=False | 8 answers, 5.2 min elapsed
[00:24:58] q86 t1 writing     161 tok  27.3s gate_on=False | 9 answers, 5.7 min elapsed
[00:25:49] q86 t2 writing     300 tok  51.1s gate_on=False | 10 answers, 6.5 min elapsed
[00:26:40] q87 t1 writing     300 tok  50.9s gate_on=False | 11 answers, 7.4 min elapsed
[00:27:12] q87 t2 writing     184 tok  31.5s gate_on=False | 12 answers, 7.9 min elapsed
[00:27:38] q88 t1 writing     155 tok  26.2s gate_on=False | 13 answers, 8.3 min elapsed
[00:27:47] q88 t2 writing      53 tok   9.0s gate_on=False | 14 answers, 8.5 min elapsed
[00:28:38] q89 t1 writing     300 tok  50.8s gate_on=False | 15 answers, 9.3 min elapsed
[00:29:04] q89 t2 writing     150 tok  25.7s gate_on=False | 16 answers, 9.8 min elapsed
[00:29:54] q90 t1 writing     300 tok  50.9s gate_on=False | 17 answers, 10.6 min elapsed
[00:30:33] q90 t2 writing     225 tok  38.5s gate_on=False | 18 answers, 11.3 min elapsed
[00:31:24] q91 t1 roleplay    300 tok  50.8s gate_on=False | 19 answers, 12.1 min elapsed
[00:31:58] q91 t2 roleplay    200 tok  34.2s gate_on=False | 20 answers, 12.7 min elapsed
[00:32:29] q92 t1 roleplay    186 tok  31.5s gate_on=False | 21 answers, 13.2 min elapsed
[00:32:53] q92 t2 roleplay    138 tok  23.5s gate_on=False | 22 answers, 13.6 min elapsed
[00:33:44] q93 t1 roleplay    300 tok  50.9s gate_on=False | 23 answers, 14.4 min elapsed
[00:34:35] q93 t2 roleplay    300 tok  51.3s gate_on=False | 24 answers, 15.3 min elapsed
[00:35:17] q94 t1 roleplay    246 tok  41.7s gate_on=False | 25 answers, 16.0 min elapsed
[00:36:08] q94 t2 roleplay    300 tok  51.2s gate_on=False | 26 answers, 16.8 min elapsed
[00:36:36] q95 t1 roleplay    166 tok  28.1s gate_on=False | 27 answers, 17.3 min elapsed
[00:36:49] q95 t2 roleplay     76 tok  13.0s gate_on=False | 28 answers, 17.5 min elapsed
[00:37:40] q96 t1 roleplay    300 tok  50.8s gate_on=False | 29 answers, 18.4 min elapsed
[00:38:31] q96 t2 roleplay    300 tok  51.3s gate_on=False | 30 answers, 19.2 min elapsed
[00:39:22] q97 t1 roleplay    300 tok  50.8s gate_on=False | 31 answers, 20.1 min elapsed
[00:40:13] q97 t2 roleplay    300 tok  51.3s gate_on=False | 32 answers, 20.9 min elapsed
[00:40:39] q98 t1 roleplay    149 tok  25.2s gate_on=False | 33 answers, 21.3 min elapsed
[00:41:15] q98 t2 roleplay    217 tok  36.9s gate_on=False | 34 answers, 22.0 min elapsed
[00:41:35] q99 t1 roleplay    116 tok  19.6s gate_on=False | 35 answers, 22.3 min elapsed
[00:42:15] q99 t2 roleplay    235 tok  39.9s gate_on=False | 36 answers, 23.0 min elapsed
[00:43:06] q100 t1 roleplay    300 tok  50.8s gate_on=False | 37 answers, 23.8 min elapsed
[00:43:57] q100 t2 roleplay    300 tok  51.3s gate_on=False | 38 answers, 24.7 min elapsed
[00:44:02] q101 t1 reasoning    31 tok   5.2s gate_on=False | 39 answers, 24.7 min elapsed
[00:44:09] q101 t2 reasoning    37 tok   6.3s gate_on=False | 40 answers, 24.8 min elapsed
[00:44:18] q102 t1 reasoning    54 tok   9.1s gate_on=False | 41 answers, 25.0 min elapsed
[00:44:39] q102 t2 reasoning   125 tok  21.2s gate_on=False | 42 answers, 25.4 min elapsed
[00:45:30] q103 t1 reasoning   300 tok  50.7s gate_on=False | 43 answers, 26.2 min elapsed
[00:46:09] q103 t2 reasoning   230 tok  39.2s gate_on=False | 44 answers, 26.9 min elapsed
[00:46:14] q104 t1 reasoning    30 tok   5.1s gate_on=False | 45 answers, 26.9 min elapsed
[00:46:21] q104 t2 reasoning    41 tok   7.0s gate_on=False | 46 answers, 27.1 min elapsed
[00:47:04] q105 t1 reasoning   252 tok  42.8s gate_on=False | 47 answers, 27.8 min elapsed
[00:47:13] q105 t2 reasoning    54 tok   9.3s gate_on=False | 48 answers, 27.9 min elapsed
[00:47:26] q106 t1 reasoning    78 tok  13.2s gate_on=False | 49 answers, 28.1 min elapsed
[00:47:43] q106 t2 reasoning    99 tok  16.8s gate_on=False | 50 answers, 28.4 min elapsed
[00:47:45] q107 t1 reasoning    12 tok   2.0s gate_on=False | 51 answers, 28.5 min elapsed
[00:47:58] q107 t2 reasoning    79 tok  13.4s gate_on=False | 52 answers, 28.7 min elapsed
[00:48:11] q108 t1 reasoning    74 tok  12.5s gate_on=False | 53 answers, 28.9 min elapsed
[00:48:23] q108 t2 reasoning    75 tok  12.7s gate_on=False | 54 answers, 29.1 min elapsed
[00:48:49] q109 t1 reasoning   150 tok  25.3s gate_on=False | 55 answers, 29.5 min elapsed
[00:49:11] q109 t2 reasoning   129 tok  21.9s gate_on=False | 56 answers, 29.9 min elapsed
[00:49:55] q110 t1 reasoning   260 tok  44.1s gate_on=False | 57 answers, 30.6 min elapsed
[00:50:46] q110 t2 reasoning   300 tok  51.3s gate_on=False | 58 answers, 31.5 min elapsed
[00:51:35] q111 t1 math        289 tok  48.9s gate_on=False | 59 answers, 32.3 min elapsed
[00:52:12] q111 t2 math        221 tok  37.7s gate_on=False | 60 answers, 32.9 min elapsed
[00:52:31] q112 t1 math        110 tok  18.6s gate_on=False | 61 answers, 33.2 min elapsed
[00:52:47] q112 t2 math         96 tok  16.3s gate_on=False | 62 answers, 33.5 min elapsed
[00:53:17] q113 t1 math        176 tok  29.8s gate_on=False | 63 answers, 34.0 min elapsed
[00:53:48] q113 t2 math        181 tok  30.8s gate_on=False | 64 answers, 34.5 min elapsed
[00:54:38] q114 t1 math        299 tok  50.5s gate_on=False | 65 answers, 35.3 min elapsed
[00:55:30] q114 t2 math        300 tok  51.2s gate_on=False | 66 answers, 36.2 min elapsed
[00:56:01] q115 t1 math        186 tok  31.5s gate_on=False | 67 answers, 36.7 min elapsed
[00:56:12] q115 t2 math         62 tok  10.6s gate_on=False | 68 answers, 36.9 min elapsed
[00:57:02] q116 t1 math        295 tok  49.9s gate_on=False | 69 answers, 37.7 min elapsed
[00:57:26] q116 t2 math        146 tok  24.9s gate_on=False | 70 answers, 38.1 min elapsed
[00:57:57] q117 t1 math        178 tok  30.1s gate_on=False | 71 answers, 38.6 min elapsed
[00:58:27] q117 t2 math        177 tok  30.1s gate_on=False | 72 answers, 39.1 min elapsed
[00:58:57] q118 t1 math        180 tok  30.4s gate_on=False | 73 answers, 39.7 min elapsed
[00:59:27] q118 t2 math        178 tok  30.2s gate_on=False | 74 answers, 40.2 min elapsed
[00:59:46] q119 t1 math        111 tok  18.8s gate_on=False | 75 answers, 40.5 min elapsed
[01:00:33] q119 t2 math        277 tok  47.1s gate_on=False | 76 answers, 41.3 min elapsed
[01:00:53] q120 t1 math        119 tok  20.1s gate_on=False | 77 answers, 41.6 min elapsed
[01:01:44] q120 t2 math        300 tok  51.0s gate_on=False | 78 answers, 42.4 min elapsed
[01:02:35] q121 t1 coding      300 tok  50.8s gate_on=False | 79 answers, 43.3 min elapsed
[01:03:26] q121 t2 coding      300 tok  51.2s gate_on=False | 80 answers, 44.1 min elapsed
[01:04:17] q122 t1 coding      300 tok  50.8s gate_on=False | 81 answers, 45.0 min elapsed
[01:05:08] q122 t2 coding      300 tok  51.2s gate_on=False | 82 answers, 45.8 min elapsed
[01:05:59] q123 t1 coding      300 tok  50.8s gate_on=False | 83 answers, 46.7 min elapsed
[01:06:50] q123 t2 coding      300 tok  51.2s gate_on=False | 84 answers, 47.5 min elapsed
[01:07:41] q124 t1 coding      300 tok  51.0s gate_on=False | 85 answers, 48.4 min elapsed
[01:08:33] q124 t2 coding      300 tok  51.7s gate_on=False | 86 answers, 49.3 min elapsed
[01:09:24] q125 t1 coding      300 tok  50.7s gate_on=False | 87 answers, 50.1 min elapsed
[01:10:15] q125 t2 coding      300 tok  51.2s gate_on=False | 88 answers, 51.0 min elapsed
[01:11:06] q126 t1 coding      300 tok  50.8s gate_on=False | 89 answers, 51.8 min elapsed
[01:11:57] q126 t2 coding      300 tok  51.2s gate_on=False | 90 answers, 52.7 min elapsed
[01:12:47] q127 t1 coding      300 tok  50.7s gate_on=False | 91 answers, 53.5 min elapsed
[01:13:39] q127 t2 coding      300 tok  51.2s gate_on=False | 92 answers, 54.3 min elapsed
[01:14:29] q128 t1 coding      300 tok  50.7s gate_on=False | 93 answers, 55.2 min elapsed
[01:15:21] q128 t2 coding      300 tok  51.2s gate_on=False | 94 answers, 56.0 min elapsed
[01:16:11] q129 t1 coding      300 tok  50.7s gate_on=False | 95 answers, 56.9 min elapsed
[01:17:02] q129 t2 coding      300 tok  51.2s gate_on=False | 96 answers, 57.7 min elapsed
[01:17:53] q130 t1 coding      300 tok  50.6s gate_on=False | 97 answers, 58.6 min elapsed
[01:18:44] q130 t2 coding      300 tok  51.1s gate_on=False | 98 answers, 59.4 min elapsed
[01:18:47] q131 t1 extraction   17 tok   2.9s gate_on=False | 99 answers, 59.5 min elapsed
[01:18:50] q131 t2 extraction   17 tok   2.9s gate_on=False | 100 answers, 59.5 min elapsed
[01:18:53] q132 t1 extraction   14 tok   2.4s gate_on=False | 101 answers, 59.6 min elapsed
[01:18:58] q132 t2 extraction   34 tok   5.8s gate_on=False | 102 answers, 59.7 min elapsed
[01:19:16] q133 t1 extraction  103 tok  17.6s gate_on=False | 103 answers, 60.0 min elapsed
[01:19:28] q133 t2 extraction   73 tok  12.5s gate_on=False | 104 answers, 60.2 min elapsed
[01:19:48] q134 t1 extraction  114 tok  19.3s gate_on=False | 105 answers, 60.5 min elapsed
[01:20:30] q134 t2 extraction  248 tok  42.3s gate_on=False | 106 answers, 61.2 min elapsed
[01:20:48] q135 t1 extraction  106 tok  17.9s gate_on=False | 107 answers, 61.5 min elapsed
[01:20:58] q135 t2 extraction   59 tok  10.1s gate_on=False | 108 answers, 61.7 min elapsed
[01:21:03] q136 t1 extraction   27 tok   4.6s gate_on=False | 109 answers, 61.8 min elapsed
[01:21:07] q136 t2 extraction   28 tok   4.8s gate_on=False | 110 answers, 61.8 min elapsed
[01:21:22] q137 t1 extraction   88 tok  14.9s gate_on=False | 111 answers, 62.1 min elapsed
[01:21:28] q137 t2 extraction   31 tok   5.3s gate_on=False | 112 answers, 62.2 min elapsed
[01:22:12] q138 t1 extraction  262 tok  44.7s gate_on=False | 113 answers, 62.9 min elapsed
[01:22:58] q138 t2 extraction  268 tok  46.0s gate_on=False | 114 answers, 63.7 min elapsed
[01:23:17] q139 t1 extraction  110 tok  18.6s gate_on=False | 115 answers, 64.0 min elapsed
[01:23:54] q139 t2 extraction  214 tok  36.5s gate_on=False | 116 answers, 64.6 min elapsed
[01:24:05] q140 t1 extraction   65 tok  11.1s gate_on=False | 117 answers, 64.8 min elapsed
[01:24:26] q140 t2 extraction  122 tok  20.9s gate_on=False | 118 answers, 65.1 min elapsed
[01:25:16] q141 t1 stem        300 tok  50.7s gate_on=False | 119 answers, 66.0 min elapsed
[01:26:07] q141 t2 stem        300 tok  51.2s gate_on=False | 120 answers, 66.8 min elapsed
[01:26:58] q142 t1 stem        300 tok  50.8s gate_on=False | 121 answers, 67.7 min elapsed
[01:27:49] q142 t2 stem        300 tok  51.2s gate_on=False | 122 answers, 68.5 min elapsed
[01:28:40] q143 t1 stem        300 tok  50.8s gate_on=False | 123 answers, 69.4 min elapsed
[01:29:32] q143 t2 stem        300 tok  51.3s gate_on=False | 124 answers, 70.2 min elapsed
[01:30:22] q144 t1 stem        300 tok  50.7s gate_on=False | 125 answers, 71.1 min elapsed
[01:30:49] q144 t2 stem        156 tok  26.6s gate_on=False | 126 answers, 71.5 min elapsed
[01:31:40] q145 t1 stem        300 tok  50.8s gate_on=False | 127 answers, 72.4 min elapsed
[01:32:31] q145 t2 stem        300 tok  51.2s gate_on=False | 128 answers, 73.2 min elapsed
[01:33:22] q146 t1 stem        300 tok  50.7s gate_on=False | 129 answers, 74.1 min elapsed
[01:33:48] q146 t2 stem        154 tok  26.3s gate_on=False | 130 answers, 74.5 min elapsed
[01:34:39] q147 t1 stem        300 tok  50.8s gate_on=False | 131 answers, 75.4 min elapsed
[01:35:30] q147 t2 stem        300 tok  51.3s gate_on=False | 132 answers, 76.2 min elapsed
[01:36:21] q148 t1 stem        300 tok  50.8s gate_on=False | 133 answers, 77.1 min elapsed
[01:37:12] q148 t2 stem        300 tok  51.3s gate_on=False | 134 answers, 77.9 min elapsed
[01:38:03] q149 t1 stem        300 tok  50.7s gate_on=False | 135 answers, 78.8 min elapsed
[01:38:54] q149 t2 stem        300 tok  51.2s gate_on=False | 136 answers, 79.6 min elapsed
[01:39:45] q150 t1 stem        300 tok  50.7s gate_on=False | 137 answers, 80.5 min elapsed
[01:40:36] q150 t2 stem        300 tok  51.2s gate_on=False | 138 answers, 81.3 min elapsed
[01:41:27] q151 t1 humanities  300 tok  50.7s gate_on=False | 139 answers, 82.1 min elapsed
[01:42:18] q151 t2 humanities  300 tok  51.2s gate_on=False | 140 answers, 83.0 min elapsed
[01:43:08] q152 t1 humanities  300 tok  50.7s gate_on=False | 141 answers, 83.8 min elapsed
[01:43:59] q152 t2 humanities  300 tok  51.1s gate_on=False | 142 answers, 84.7 min elapsed
[01:44:50] q153 t1 humanities  300 tok  50.7s gate_on=False | 143 answers, 85.5 min elapsed
[01:45:41] q153 t2 humanities  300 tok  51.1s gate_on=False | 144 answers, 86.4 min elapsed
[01:46:32] q154 t1 humanities  300 tok  50.7s gate_on=False | 145 answers, 87.2 min elapsed
[01:47:23] q154 t2 humanities  300 tok  51.2s gate_on=False | 146 answers, 88.1 min elapsed
[01:48:14] q155 t1 humanities  300 tok  50.7s gate_on=False | 147 answers, 88.9 min elapsed
[01:49:05] q155 t2 humanities  300 tok  51.1s gate_on=False | 148 answers, 89.8 min elapsed
[01:49:56] q156 t1 humanities  300 tok  50.7s gate_on=False | 149 answers, 90.6 min elapsed
[01:50:47] q156 t2 humanities  300 tok  51.1s gate_on=False | 150 answers, 91.5 min elapsed
[01:51:38] q157 t1 humanities  300 tok  50.6s gate_on=False | 151 answers, 92.3 min elapsed
[01:52:29] q157 t2 humanities  300 tok  51.4s gate_on=False | 152 answers, 93.2 min elapsed
[01:53:20] q158 t1 humanities  300 tok  50.7s gate_on=False | 153 answers, 94.0 min elapsed
[01:54:11] q158 t2 humanities  300 tok  51.1s gate_on=False | 154 answers, 94.9 min elapsed
[01:55:01] q159 t1 humanities  300 tok  50.7s gate_on=False | 155 answers, 95.7 min elapsed
[01:55:53] q159 t2 humanities  300 tok  51.1s gate_on=False | 156 answers, 96.6 min elapsed
[01:56:43] q160 t1 humanities  300 tok  50.6s gate_on=False | 157 answers, 97.4 min elapsed
[01:57:32] q160 t2 humanities  287 tok  48.9s gate_on=False | 158 answers, 98.2 min elapsed
[01:57:32] DONE mode=base new_answers=158 total_minutes=98.2
