/home/amaloch/projects/mechunlearn-project/baselines_DSG/novelty_trials/imp2_3_learned_gate_classifier/imp2_3_learned_gate.py:142: DeprecationWarning: HookedTransformer.from_pretrained is deprecated and will be removed in a future major release. Use TransformerBridge.boot_transformers(...) instead, then call enable_compatibility_mode() for HookedTransformer-equivalent numerics. See docs/source/content/migrating_to_v3.md.
  model = HookedTransformer.from_pretrained(MODEL_NAME, device=device, dtype=torch.bfloat16)
WARNING:root:You tried to specify center_unembed=True for a model using logit softcap, but this can't be done! Softcapping is not invariant upon adding a constant Setting center_unembed=False instead.
[1] Deriving DSG's original top-20 feature set (same features, both gates use these)...
Top 20 forget scores: [-12.04081672  -2.7022494   -1.16662033  -1.02392137  -0.69394065
  -0.48968225  -0.39810674  -0.33778879  -0.2769538   -0.21305517
  -0.16441971  -0.14011621  -0.10362347  -0.09388219  -0.0916279
  -0.08811933  -0.08326399  -0.08032179  -0.07948171  -0.07557276]
Bootstrap estimation: 0.5733450195312505
N=20, 95th percentile: 0.5458007812500021, 99th percentile: 0.8699609374999997
  features: [8459, 10229, 9953, 12260, 794, 6481, 8908, 9398, 11392, 9292, 6020, 8786, 9986, 6687, 14821, 1676, 8802, 4235, 12407, 6673]
  DSG's own calibrated threshold (for reference): 0.5458

[2] Loading cached layer-3 activations and building per-sequence mean-activation features...
  training set: 550 sequences x 20 features (275 forget / 275 retain)

[3] Fitting logistic regression gate...
  training accuracy: 98.91%
  learned weights: [0.6035417914390564, 2.100496768951416, 1.1955431699752808, 0.3893886208534241, 0.46687549352645874, 2.1829264163970947, 1.0467647314071655, 1.2648905515670776, 0.6032792925834656, 0.2786523997783661, 0.6917420625686646, 1.1484159231185913, 0.07363318651914597, 0.5804101228713989, 0.545232355594635, 0.5183677673339844, 0.6800222396850586, 1.1066452264785767, 0.3610553741455078, 0.296647310256958]
  learned bias: -4.6688
  gate threshold (95th pctile of retain scores): -2.8778
  forget-set trigger rate at this threshold: 100.00%
  retain-set trigger rate at this threshold (should be ~5%): 5.09%

[4] Loading model + SAE for evaluation...
Loading weights:   0%|          | 0/288 [00:00<?, ?it/s]Loading weights: 100%|██████████| 288/288 [00:00<00:00, 10528.07it/s]
WARNING:root:With reduced precision, it is advised to use `from_pretrained_no_processing` instead of `from_pretrained`.
/home/amaloch/projects/mechunlearn-project/baselines_DSG/novelty_trials/imp2_3_learned_gate_classifier/imp2_3_learned_gate.py:143: DeprecationWarning: Unpacking SAE objects is deprecated. SAE.from_pretrained() now returns only the SAE object. Use SAE.from_pretrained_with_cfg_and_sparsity() to get the config dict and sparsity as well.
  sae, _, _ = SAE.from_pretrained(release=SAE_NAME, sae_id=SAE_BLOCK, device=device)
Loaded pretrained model gemma-2-2b-it into HookedTransformer

[5] Evaluating learned-gate intervention...
len(questions): 1273  permutations number: 1
  wmdp-bio: 26.952%
len(questions): 204  permutations number: 1
  high_school_us_history: 100.000%
len(questions): 100  permutations number: 1
  college_computer_science: 88.889%
len(questions): 198  permutations number: 1
  high_school_geography: 98.058%
len(questions): 223  permutations number: 1
  human_aging: 85.882%

======================================================================
FINAL SUMMARY: learned logistic-regression gate vs DSG's original OR-threshold gate
======================================================================
                          config     WMDP-bio     MMLU_avg
      DSG original gate (cached)      29.368%      99.412%
     learned logistic-regr. gate      26.952%      93.207%

Saved: novelty_trials/imp2_3_learned_gate_classifier/imp2_3_results.json
DONE
